// Jest Snapshot v1, https://goo.gl/fbAQLP

exports[`Table component renders properly with 3 rows 1`] = `
<body>
  <div>
    <div
      class="table"
    >
      <div
        class="row--title"
      >
        <div
          class="row__part"
        >
          <p
            class="row__label"
          >
            First Name
          </p>
          <p>
            First Name
          </p>
        </div>
        <div
          class="row__part"
        >
          <p
            class="row__label"
          >
            Last Name
          </p>
          <p>
            Last Name
          </p>
        </div>
        <div
          class="row__part"
        >
          <p
            class="row__label"
          >
            Department
          </p>
          <p>
            Department
          </p>
        </div>
        <div
          class="row__part"
        >
          <p
            class="row__label"
          >
            Position
          </p>
          <p>
            Position
          </p>
        </div>
        <div
          class="row__part"
        >
          Actions
        </div>
      </div>
      <div
        class="row"
      >
        <div
          class="row__part"
        >
          <p
            class="row__label"
          >
            First Name
          </p>
          <p>
            mockFirstName
          </p>
        </div>
        <div
          class="row__part"
        >
          <p
            class="row__label"
          >
            Last Name
          </p>
          <p>
            mockLastname
          </p>
        </div>
        <div
          class="row__part"
        >
          <p
            class="row__label"
          >
            Department
          </p>
          <p>
            IT
          </p>
        </div>
        <div
          class="row__part"
        >
          <p
            class="row__label"
          >
            Position
          </p>
          <p>
            junior
          </p>
        </div>
        <div
          class="row__part"
        >
          <button
            class="row__button--update"
          >
            Update
          </button>
          <button
            class="row__button--delete"
          >
            Delete
          </button>
        </div>
      </div>
      <div
        class="row"
      >
        <div
          class="row__part"
        >
          <p
            class="row__label"
          >
            First Name
          </p>
          <p>
            mockFirstName
          </p>
        </div>
        <div
          class="row__part"
        >
          <p
            class="row__label"
          >
            Last Name
          </p>
          <p>
            mockLastname
          </p>
        </div>
        <div
          class="row__part"
        >
          <p
            class="row__label"
          >
            Department
          </p>
          <p>
            IT
          </p>
        </div>
        <div
          class="row__part"
        >
          <p
            class="row__label"
          >
            Position
          </p>
          <p>
            junior
          </p>
        </div>
        <div
          class="row__part"
        >
          <button
            class="row__button--update"
          >
            Update
          </button>
          <button
            class="row__button--delete"
          >
            Delete
          </button>
        </div>
      </div>
      <div
        class="row"
      >
        <div
          class="row__part"
        >
          <p
            class="row__label"
          >
            First Name
          </p>
          <p>
            mockFirstName
          </p>
        </div>
        <div
          class="row__part"
        >
          <p
            class="row__label"
          >
            Last Name
          </p>
          <p>
            mockLastname
          </p>
        </div>
        <div
          class="row__part"
        >
          <p
            class="row__label"
          >
            Department
          </p>
          <p>
            IT
          </p>
        </div>
        <div
          class="row__part"
        >
          <p
            class="row__label"
          >
            Position
          </p>
          <p>
            junior
          </p>
        </div>
        <div
          class="row__part"
        >
          <button
            class="row__button--update"
          >
            Update
          </button>
          <button
            class="row__button--delete"
          >
            Delete
          </button>
        </div>
      </div>
    </div>
  </div>
</body>
`;

exports[`Table component renders properly with 5 rows 1`] = `
<body>
  <div>
    <div
      class="table"
    >
      <div
        class="row--title"
      >
        <div
          class="row__part"
        >
          <p
            class="row__label"
          >
            First Name
          </p>
          <p>
            First Name
          </p>
        </div>
        <div
          class="row__part"
        >
          <p
            class="row__label"
          >
            Last Name
          </p>
          <p>
            Last Name
          </p>
        </div>
        <div
          class="row__part"
        >
          <p
            class="row__label"
          >
            Department
          </p>
          <p>
            Department
          </p>
        </div>
        <div
          class="row__part"
        >
          <p
            class="row__label"
          >
            Position
          </p>
          <p>
            Position
          </p>
        </div>
        <div
          class="row__part"
        >
          Actions
        </div>
      </div>
      <div
        class="row"
      >
        <div
          class="row__part"
        >
          <p
            class="row__label"
          >
            First Name
          </p>
          <p>
            mockFirstName
          </p>
        </div>
        <div
          class="row__part"
        >
          <p
            class="row__label"
          >
            Last Name
          </p>
          <p>
            mockLastname
          </p>
        </div>
        <div
          class="row__part"
        >
          <p
            class="row__label"
          >
            Department
          </p>
          <p>
            IT
          </p>
        </div>
        <div
          class="row__part"
        >
          <p
            class="row__label"
          >
            Position
          </p>
          <p>
            junior
          </p>
        </div>
        <div
          class="row__part"
        >
          <button
            class="row__button--update"
          >
            Update
          </button>
          <button
            class="row__button--delete"
          >
            Delete
          </button>
        </div>
      </div>
      <div
        class="row"
      >
        <div
          class="row__part"
        >
          <p
            class="row__label"
          >
            First Name
          </p>
          <p>
            mockFirstName
          </p>
        </div>
        <div
          class="row__part"
        >
          <p
            class="row__label"
          >
            Last Name
          </p>
          <p>
            mockLastname
          </p>
        </div>
        <div
          class="row__part"
        >
          <p
            class="row__label"
          >
            Department
          </p>
          <p>
            IT
          </p>
        </div>
        <div
          class="row__part"
        >
          <p
            class="row__label"
          >
            Position
          </p>
          <p>
            junior
          </p>
        </div>
        <div
          class="row__part"
        >
          <button
            class="row__button--update"
          >
            Update
          </button>
          <button
            class="row__button--delete"
          >
            Delete
          </button>
        </div>
      </div>
      <div
        class="row"
      >
        <div
          class="row__part"
        >
          <p
            class="row__label"
          >
            First Name
          </p>
          <p>
            mockFirstName
          </p>
        </div>
        <div
          class="row__part"
        >
          <p
            class="row__label"
          >
            Last Name
          </p>
          <p>
            mockLastname
          </p>
        </div>
        <div
          class="row__part"
        >
          <p
            class="row__label"
          >
            Department
          </p>
          <p>
            IT
          </p>
        </div>
        <div
          class="row__part"
        >
          <p
            class="row__label"
          >
            Position
          </p>
          <p>
            junior
          </p>
        </div>
        <div
          class="row__part"
        >
          <button
            class="row__button--update"
          >
            Update
          </button>
          <button
            class="row__button--delete"
          >
            Delete
          </button>
        </div>
      </div>
      <div
        class="row"
      >
        <div
          class="row__part"
        >
          <p
            class="row__label"
          >
            First Name
          </p>
          <p>
            mockFirstName
          </p>
        </div>
        <div
          class="row__part"
        >
          <p
            class="row__label"
          >
            Last Name
          </p>
          <p>
            mockLastname
          </p>
        </div>
        <div
          class="row__part"
        >
          <p
            class="row__label"
          >
            Department
          </p>
          <p>
            IT
          </p>
        </div>
        <div
          class="row__part"
        >
          <p
            class="row__label"
          >
            Position
          </p>
          <p>
            junior
          </p>
        </div>
        <div
          class="row__part"
        >
          <button
            class="row__button--update"
          >
            Update
          </button>
          <button
            class="row__button--delete"
          >
            Delete
          </button>
        </div>
      </div>
      <div
        class="row"
      >
        <div
          class="row__part"
        >
          <p
            class="row__label"
          >
            First Name
          </p>
          <p>
            mockFirstName
          </p>
        </div>
        <div
          class="row__part"
        >
          <p
            class="row__label"
          >
            Last Name
          </p>
          <p>
            mockLastname
          </p>
        </div>
        <div
          class="row__part"
        >
          <p
            class="row__label"
          >
            Department
          </p>
          <p>
            IT
          </p>
        </div>
        <div
          class="row__part"
        >
          <p
            class="row__label"
          >
            Position
          </p>
          <p>
            junior
          </p>
        </div>
        <div
          class="row__part"
        >
          <button
            class="row__button--update"
          >
            Update
          </button>
          <button
            class="row__button--delete"
          >
            Delete
          </button>
        </div>
      </div>
    </div>
  </div>
</body>
`;
